[INFO] Starting C++ MPPI Path Tracking Simulation
[INFO] UDP sender 127.0.0.1:5005 -> 127.0.0.1:5006 is set.
[INFO] C++ is running in BEAMNG MODE.
[INFO] Reference path loaded from: data/ovalpath.csv Size: 1201x4
[CostMap] Loaded data/costmap.csv -> 50 x 80 grid
[CostMap] Total obstacles extracted: 0
[BeamNG] Waiting for first state from bridge...
[BeamNG] Connected. Starting control loop...
[0] pos=(-1.45519e-11,4.1248e-16) yaw=-6.13471e-12 v=0 | u=(0.142953,0.727036)
[20] pos=(-1.45519e-11,4.1248e-16) yaw=-6.13471e-12 v=0 | u=(-0.0994286,2.5)
[40] pos=(0.00305526,0.000601817) yaw=4.53262e-05 v=0 | u=(0.00668648,2.5)
[60] pos=(0.00261708,0.000556053) yaw=7.47184e-05 v=0 | u=(0.00722488,2.5)
[80] pos=(0.00278111,0.000752621) yaw=-1.12807e-05 v=0 | u=(-0.0298932,2.5)
[100] pos=(0.00276812,0.000713331) yaw=3.00181e-05 v=0 | u=(-0.0555419,2.5)
[BeamNG] Bridge sent stop signal (valid=0). Exiting.
[BeamNG] Loop finished. Total steps: 101
[Bridge] Controller: MPPI (C++)
[Bridge] Launching MPPI: C:\Users\myurd\Desktop\Tez\SimpleMppiCpp\MppiCpp.exe 5005 5006 beamng
[Bridge] UDP listening on 127.0.0.1:5006
[Bridge] Path loaded: 1201 points
[Bridge] BeamNG.tech connected
[Bridge] Spawn calibration:
         world pos = (+0.00, +0.00)
         world yaw = +0.00 deg
         vehicle forward offset = -90.0 deg
         yaw offset = -0.00 deg
         pos rotation = +90.00 deg
[Bridge] Path drawn in BeamNG (blue, 1201 points)

[Bridge] Ready. Running 30-tick calibration test first...
         (with straight throttle the vehicle should move in +x in MPPI frame)
[Bridge] Calibration result: after 30 ticks MPPI=(+0.00, +0.00) yaw=+0.0deg
[Bridge] ✗ WARNING: Calibration incorrect!
         Position ✗: mx=0.00 (>1), my=0.00 (|.|<2)
         Yaw      ✓: +0.0deg (|.|<15)
         Waiting 3 seconds (press Ctrl+C to abort)...
[Bridge] Teleporting vehicle to (0,0) + original orientation...
[Bridge] Post-teleport check: MPPI=(-0.00,+0.00) yaw=-0.0deg
[Bridge] MPPI loop starting...

[  10] t= 1.85s mppi=( -0.00, +0.00) yaw= -0.0 v= 0.0 d= 0.0m | u=(s-0.05,a+2.50) ->t0.25b0.00
[  20] t= 3.35s mppi=( -0.00, +0.00) yaw= -0.0 v= 0.0 d= 0.0m | u=(s-0.03,a+2.50) ->t0.28b0.00
[  30] t= 4.85s mppi=( -0.00, +0.00) yaw= -0.0 v= 0.0 d= 0.0m | u=(s-0.07,a+2.50) ->t0.31b0.00
[  40] t= 6.35s mppi=( +0.00, +0.00) yaw= -0.0 v= 0.0 d= 0.0m | u=(s-0.00,a+2.50) ->t0.32b0.00
[  50] t= 7.85s mppi=( +0.00, +0.00) yaw= +0.0 v= 0.0 d= 0.0m | u=(s-0.04,a+2.50) ->t0.32b0.00
[  60] t= 9.35s mppi=( +0.00, +0.00) yaw= +0.0 v= 0.0 d= 0.0m | u=(s-0.02,a+2.50) ->t0.32b0.00
[  70] t=10.85s mppi=( +0.00, +0.00) yaw= +0.0 v= 0.0 d= 0.0m | u=(s+0.02,a+2.50) ->t0.32b0.00
[  80] t=12.35s mppi=( +0.00, +0.00) yaw= +0.0 v= 0.0 d= 0.0m | u=(s-0.00,a+2.50) ->t0.32b0.00
[  90] t=13.85s mppi=( +0.00, +0.00) yaw= -0.0 v= 0.0 d= 0.0m | u=(s+0.04,a+2.50) ->t0.32b0.00
[ 100] t=15.40s mppi=( +0.00, +0.00) yaw= -0.0 v= 0.0 d= 0.0m | u=(s-0.03,a+2.50) ->t0.32b0.00

[Bridge] PATH COMPLETED: 0.00m from end point (101 steps, 15.6s)
[Bridge] run_log.csv written

[Bridge] Actual trajectory drawn in BeamNG (red)
Blue = reference path, Red = actual trajectory
Inspect in the BeamNG window then press Enter...Could not draw trajectory: EOF when reading a line
[Bridge] Total steps: 101
